,id,ra,dec,ra(subaru),dec(subaru),FDFC
0,W_010001,128.604,-1.3,83424.96,-11800.0,True
1,W_010002,129.904,-1.3,83936.96,-11800.0,True
2,W_010003,131.203,-1.3,84448.72,-11800.0,True
3,W_010004,132.502,-1.3,85000.48,-11800.0,True
4,W_010005,133.801,-1.3,85512.24,-11800.0,True
5,W_010006,135.1,-1.3,90024.0,-11800.0,True
6,W_010007,136.399,-1.3,90535.76,-11800.0,True
7,W_010008,137.698,-1.3,91047.52,-11800.0,True
8,W_010009,138.997,-1.3,91559.28,-11800.0,True
9,W_010010,140.296,-1.3,92111.04,-11800.0,True
10,W_010011,141.595,-1.3,92622.8,-11800.0,True
11,W_010012,142.894192,-1.3,93134.606,-11800.0,True
12,W_010013,144.19323,-1.3,93646.375,-11800.0,True
13,W_010014,145.492268,-1.3,94158.144,-11800.0,True
14,W_010015,146.791306,-1.3,94709.913,-11800.0,True
15,W_010016,148.090344,-1.3,95221.683,-11800.0,True
16,W_010017,149.389382,-1.3,95733.452,-11800.0,True
17,W_010018,150.68842,-1.3,100245.221,-11800.0,True
18,W_010019,151.987458,-1.3,100756.99,-11800.0,True
19,W_010020,153.286496,-1.3,101308.759,-11800.0,True
20,W_010021,154.585535,-1.3,101820.528,-11800.0,True
21,W_010022,155.884573,-1.3,102332.298,-11800.0,True
22,W_010023,157.183611,-1.3,102844.067,-11800.0,True
23,W_010024,158.482649,-1.3,103355.836,-11800.0,True
24,W_010025,159.781687,-1.3,103907.605,-11800.0,True
25,W_010026,161.080725,-1.3,104419.374,-11800.0,True
26,W_010027,162.379763,-1.3,104931.143,-11800.0,True
27,W_010028,163.678801,-1.3,105442.912,-11800.0,True
28,W_010029,164.977839,-1.3,105954.681,-11800.0,True
29,W_010030,166.276878,-1.3,110506.451,-11800.0,True
30,W_010031,167.575916,-1.3,111018.22,-11800.0,True
31,W_010032,168.874954,-1.3,111529.989,-11800.0,True
32,W_010033,170.173992,-1.3,112041.758,-11800.0,True
33,W_010034,171.47303,-1.3,112553.527,-11800.0,True
34,W_010035,172.772068,-1.3,113105.296,-11800.0,True
35,W_010036,174.071106,-1.3,113617.065,-11800.0,True
36,W_010037,175.370144,-1.3,114128.835,-11800.0,True
37,W_010038,176.669182,-1.3,114640.604,-11800.0,True
38,W_010039,177.96822,-1.3,115152.373,-11800.0,True
39,W_010040,179.267259,-1.3,115704.142,-11800.0,True
40,W_010041,180.566297,-1.3,120215.911,-11800.0,True
41,W_010042,181.865335,-1.3,120727.68,-11800.0,True
42,W_010043,183.164373,-1.3,121239.45,-11800.0,True
43,W_010044,184.463411,-1.3,121751.219,-11800.0,True
44,W_010045,185.762449,-1.3,122302.988,-11800.0,True
45,W_010046,187.061487,-1.3,122814.757,-11800.0,True
46,W_010047,188.360525,-1.3,123326.526,-11800.0,True
47,W_010048,189.659563,-1.3,123838.295,-11800.0,True
48,W_010049,190.958602,-1.3,124350.064,-11800.0,True
49,W_010050,192.25764,-1.3,124901.834,-11800.0,True
50,W_010051,193.556678,-1.3,125413.603,-11800.0,True
51,W_010052,194.855716,-1.3,125925.372,-11800.0,True
52,W_010053,196.154754,-1.3,130437.141,-11800.0,True
53,W_010054,197.453792,-1.3,130948.91,-11800.0,True
54,W_010055,198.75283,-1.3,131500.679,-11800.0,True
55,W_010056,200.051868,-1.3,132012.448,-11800.0,True
56,W_010057,201.350906,-1.3,132524.217,-11800.0,True
57,W_010058,202.649944,-1.3,133035.987,-11800.0,True
58,W_010059,203.948983,-1.3,133547.756,-11800.0,True
59,W_010060,205.248021,-1.3,134059.525,-11800.0,True
60,W_010061,206.547059,-1.3,134611.294,-11800.0,True
61,W_010062,207.846097,-1.3,135123.063,-11800.0,True
62,W_010063,209.145135,-1.3,135634.832,-11800.0,True
63,W_010064,210.444173,-1.3,140146.602,-11800.0,True
64,W_010065,211.743211,-1.3,140658.371,-11800.0,True
65,W_010066,213.042249,-1.3,141210.14,-11800.0,True
66,W_010067,214.341287,-1.3,141721.909,-11800.0,True
67,W_010068,215.640326,-1.3,142233.678,-11800.0,True
68,W_010069,216.939364,-1.3,142745.447,-11800.0,True
69,W_010070,218.238402,-1.3,143257.216,-11800.0,True
70,W_010071,219.53744,-1.3,143808.986,-11800.0,True
71,W_010072,220.836478,-1.3,144320.755,-11800.0,True
72,W_010073,222.135516,-1.3,144832.524,-11800.0,True
73,W_010074,223.434554,-1.3,145344.293,-11800.0,True
74,W_010075,224.733592,-1.3,145856.062,-11800.0,True
75,W_010076,129.254,-0.175,83700.96,-1030.0,True
76,W_010077,130.553,-0.175,84212.72,-1030.0,True
77,W_010078,131.852,-0.175,84724.48,-1030.0,True
78,W_010079,133.151,-0.175,85236.24,-1030.0,True
79,W_010080,134.45,-0.175,85748.0,-1030.0,True
80,W_010081,135.749,-0.175,90259.76,-1030.0,True
81,W_010082,137.049,-0.175,90811.76,-1030.0,True
82,W_010083,138.348,-0.175,91323.52,-1030.0,True
83,W_010084,139.647,-0.175,91835.28,-1030.0,True
84,W_010085,140.946,-0.175,92347.04,-1030.0,True
85,W_010086,142.245,-0.175,92858.8,-1030.0,True
86,W_010087,143.543711,-0.175,93410.491,-1030.0,True
87,W_010088,144.842749,-0.175,93922.26,-1030.0,True
88,W_010089,146.141787,-0.175,94434.029,-1030.0,True
89,W_010090,147.440825,-0.175,94945.798,-1030.0,True
90,W_010091,148.739863,-0.175,95457.567,-1030.0,True
91,W_010092,150.038901,-0.175,100009.336,-1030.0,True
92,W_010093,151.337939,-0.175,100521.105,-1030.0,True
93,W_010094,152.636977,-0.175,101032.874,-1030.0,True
94,W_010095,153.936016,-0.175,101544.644,-1030.0,True
95,W_010096,155.235054,-0.175,102056.413,-1030.0,True
96,W_010097,156.534092,-0.175,102608.182,-1030.0,True
97,W_010098,157.83313,-0.175,103119.951,-1030.0,True
98,W_010099,159.132168,-0.175,103631.72,-1030.0,True
99,W_010100,160.431206,-0.175,104143.489,-1030.0,True
100,W_010101,161.730244,-0.175,104655.259,-1030.0,True
101,W_010102,163.029282,-0.175,105207.028,-1030.0,True
102,W_010103,164.32832,-0.175,105718.797,-1030.0,True
103,W_010104,165.627358,-0.175,110230.566,-1030.0,True
104,W_010105,166.926397,-0.175,110742.335,-1030.0,True
105,W_010106,168.225435,-0.175,111254.104,-1030.0,True
106,W_010107,169.524473,-0.175,111805.874,-1030.0,True
107,W_010108,170.823511,-0.175,112317.643,-1030.0,True
108,W_010109,172.122549,-0.175,112829.412,-1030.0,True
109,W_010110,173.421587,-0.175,113341.181,-1030.0,True
110,W_010111,174.720625,-0.175,113852.95,-1030.0,True
111,W_010112,176.019663,-0.175,114404.719,-1030.0,True
112,W_010113,177.318701,-0.175,114916.488,-1030.0,True
113,W_010114,178.61774,-0.175,115428.258,-1030.0,True
114,W_010115,179.916778,-0.175,115940.027,-1030.0,True
115,W_010116,181.215816,-0.175,120451.796,-1030.0,True
116,W_010117,182.514854,-0.175,121003.565,-1030.0,True
117,W_010118,183.813892,-0.175,121515.334,-1030.0,True
118,W_010119,185.11293,-0.175,122027.103,-1030.0,True
119,W_010120,186.411968,-0.175,122538.872,-1030.0,True
120,W_010121,187.711006,-0.175,123050.641,-1030.0,True
121,W_010122,189.010044,-0.175,123602.411,-1030.0,True
122,W_010123,190.309082,-0.175,124114.18,-1030.0,True
123,W_010124,191.608121,-0.175,124625.949,-1030.0,True
124,W_010125,192.907159,-0.175,125137.718,-1030.0,True
125,W_010126,194.206197,-0.175,125649.487,-1030.0,True
126,W_010127,195.505235,-0.175,130201.256,-1030.0,True
127,W_010128,196.804273,-0.175,130713.026,-1030.0,True
128,W_010129,198.103311,-0.175,131224.795,-1030.0,True
129,W_010130,199.402349,-0.175,131736.564,-1030.0,True
130,W_010131,200.701387,-0.175,132248.333,-1030.0,True
131,W_010132,202.000425,-0.175,132800.102,-1030.0,True
132,W_010133,203.299464,-0.175,133311.871,-1030.0,True
133,W_010134,204.598502,-0.175,133823.64,-1030.0,True
134,W_010135,205.89754,-0.175,134335.41,-1030.0,True
135,W_010136,207.196578,-0.175,134847.179,-1030.0,True
136,W_010137,208.495616,-0.175,135358.948,-1030.0,True
137,W_010138,209.794654,-0.175,135910.717,-1030.0,True
138,W_010139,211.093692,-0.175,140422.486,-1030.0,True
139,W_010140,212.39273,-0.175,140934.255,-1030.0,True
140,W_010141,213.691768,-0.175,141446.024,-1030.0,True
141,W_010142,214.990806,-0.175,141957.793,-1030.0,True
142,W_010143,216.289845,-0.175,142509.563,-1030.0,True
143,W_010144,217.588883,-0.175,143021.332,-1030.0,True
144,W_010145,218.887921,-0.175,143533.101,-1030.0,True
145,W_010146,220.186959,-0.175,144044.87,-1030.0,True
146,W_010147,221.485997,-0.175,144556.639,-1030.0,True
147,W_010148,222.785035,-0.175,145108.408,-1030.0,True
148,W_010149,224.084073,-0.175,145620.178,-1030.0,True
149,W_010150,225.383111,-0.175,150131.947,-1030.0,True
150,W_010151,128.604,0.95,83424.96,5700.0,True
151,W_010152,129.904,0.95,83936.96,5700.0,True
152,W_010153,131.203,0.95,84448.72,5700.0,True
153,W_010154,132.502,0.95,85000.48,5700.0,True
154,W_010155,133.801,0.95,85512.24,5700.0,True
155,W_010156,135.1,0.95,90024.0,5700.0,True
156,W_010157,136.399,0.95,90535.76,5700.0,True
157,W_010158,137.698,0.95,91047.52,5700.0,True
158,W_010159,138.997,0.95,91559.28,5700.0,True
159,W_010160,140.296,0.95,92111.04,5700.0,True
160,W_010161,141.595,0.95,92622.8,5700.0,True
161,W_010162,142.894192,0.95,93134.606,5700.0,True
162,W_010163,144.19323,0.95,93646.375,5700.0,True
163,W_010164,145.492268,0.95,94158.144,5700.0,True
164,W_010165,146.791306,0.95,94709.913,5700.0,True
165,W_010166,148.090344,0.95,95221.683,5700.0,True
166,W_010167,149.389382,0.95,95733.452,5700.0,True
167,W_010168,150.68842,0.95,100245.221,5700.0,True
168,W_010169,151.987458,0.95,100756.99,5700.0,True
169,W_010170,153.286496,0.95,101308.759,5700.0,True
170,W_010171,154.585535,0.95,101820.528,5700.0,True
171,W_010172,155.884573,0.95,102332.298,5700.0,True
172,W_010173,157.183611,0.95,102844.067,5700.0,True
173,W_010174,158.482649,0.95,103355.836,5700.0,True
174,W_010175,159.781687,0.95,103907.605,5700.0,True
175,W_010176,161.080725,0.95,104419.374,5700.0,True
176,W_010177,162.379763,0.95,104931.143,5700.0,True
177,W_010178,163.678801,0.95,105442.912,5700.0,True
178,W_010179,164.977839,0.95,105954.681,5700.0,True
179,W_010180,166.276878,0.95,110506.451,5700.0,True
180,W_010181,167.575916,0.95,111018.22,5700.0,True
181,W_010182,168.874954,0.95,111529.989,5700.0,True
182,W_010183,170.173992,0.95,112041.758,5700.0,True
183,W_010184,171.47303,0.95,112553.527,5700.0,True
184,W_010185,172.772068,0.95,113105.296,5700.0,True
185,W_010186,174.071106,0.95,113617.065,5700.0,True
186,W_010187,175.370144,0.95,114128.835,5700.0,True
187,W_010188,176.669182,0.95,114640.604,5700.0,True
188,W_010189,177.96822,0.95,115152.373,5700.0,True
189,W_010190,179.267259,0.95,115704.142,5700.0,True
190,W_010191,180.566297,0.95,120215.911,5700.0,True
191,W_010192,181.865335,0.95,120727.68,5700.0,True
192,W_010193,183.164373,0.95,121239.45,5700.0,True
193,W_010194,184.463411,0.95,121751.219,5700.0,True
194,W_010195,185.762449,0.95,122302.988,5700.0,True
195,W_010196,187.061487,0.95,122814.757,5700.0,True
196,W_010197,188.360525,0.95,123326.526,5700.0,True
197,W_010198,189.659563,0.95,123838.295,5700.0,True
198,W_010199,190.958602,0.95,124350.064,5700.0,True
199,W_010200,192.25764,0.95,124901.834,5700.0,True
200,W_010201,193.556678,0.95,125413.603,5700.0,True
201,W_010202,194.855716,0.95,125925.372,5700.0,True
202,W_010203,196.154754,0.95,130437.141,5700.0,True
203,W_010204,197.453792,0.95,130948.91,5700.0,True
204,W_010205,198.75283,0.95,131500.679,5700.0,True
205,W_010206,200.051868,0.95,132012.448,5700.0,True
206,W_010207,201.350906,0.95,132524.217,5700.0,True
207,W_010208,202.649944,0.95,133035.987,5700.0,True
208,W_010209,203.948983,0.95,133547.756,5700.0,True
209,W_010210,205.248021,0.95,134059.525,5700.0,True
210,W_010211,206.547059,0.95,134611.294,5700.0,True
211,W_010212,207.846097,0.95,135123.063,5700.0,True
212,W_010213,209.145135,0.95,135634.832,5700.0,True
213,W_010214,210.444173,0.95,140146.602,5700.0,True
214,W_010215,211.743211,0.95,140658.371,5700.0,True
215,W_010216,213.042249,0.95,141210.14,5700.0,True
216,W_010217,214.341287,0.95,141721.909,5700.0,True
217,W_010218,215.640326,0.95,142233.678,5700.0,True
218,W_010219,216.939364,0.95,142745.447,5700.0,True
219,W_010220,218.238402,0.95,143257.216,5700.0,True
220,W_010221,219.53744,0.95,143808.986,5700.0,True
221,W_010222,220.836478,0.95,144320.755,5700.0,True
222,W_010223,222.135516,0.95,144832.524,5700.0,True
223,W_010224,223.434554,0.95,145344.293,5700.0,True
224,W_010225,224.733592,0.95,145856.062,5700.0,True
225,W_010226,129.254,2.075,83700.96,20430.0,True
226,W_010227,130.553,2.075,84212.72,20430.0,True
227,W_010228,131.852,2.075,84724.48,20430.0,True
228,W_010229,133.151,2.075,85236.24,20430.0,True
229,W_010230,134.45,2.075,85748.0,20430.0,True
230,W_010231,135.749,2.075,90259.76,20430.0,True
231,W_010232,137.049,2.075,90811.76,20430.0,True
232,W_010233,138.348,2.075,91323.52,20430.0,True
233,W_010234,139.647,2.075,91835.28,20430.0,True
234,W_010235,140.946,2.075,92347.04,20430.0,True
235,W_010236,142.245,2.075,92858.8,20430.0,True
236,W_010237,143.543711,2.075,93410.491,20430.0,True
237,W_010238,144.842749,2.075,93922.26,20430.0,True
238,W_010239,146.141787,2.075,94434.029,20430.0,True
239,W_010240,147.440825,2.075,94945.798,20430.0,True
240,W_010241,148.739863,2.075,95457.567,20430.0,True
241,W_010242,150.038901,2.075,100009.336,20430.0,True
242,W_010243,151.337939,2.075,100521.105,20430.0,True
243,W_010244,152.636977,2.075,101032.874,20430.0,True
244,W_010245,153.936016,2.075,101544.644,20430.0,True
245,W_010246,155.235054,2.075,102056.413,20430.0,True
246,W_010247,156.534092,2.075,102608.182,20430.0,True
247,W_010248,157.83313,2.075,103119.951,20430.0,True
248,W_010249,159.132168,2.075,103631.72,20430.0,True
249,W_010250,160.431206,2.075,104143.489,20430.0,True
250,W_010251,161.730244,2.075,104655.259,20430.0,True
251,W_010252,163.029282,2.075,105207.028,20430.0,True
252,W_010253,164.32832,2.075,105718.797,20430.0,True
253,W_010254,165.627358,2.075,110230.566,20430.0,True
254,W_010255,166.926397,2.075,110742.335,20430.0,True
255,W_010256,168.225435,2.075,111254.104,20430.0,True
256,W_010257,169.524473,2.075,111805.874,20430.0,True
257,W_010258,170.823511,2.075,112317.643,20430.0,True
258,W_010259,172.122549,2.075,112829.412,20430.0,True
259,W_010260,173.421587,2.075,113341.181,20430.0,True
260,W_010261,174.720625,2.075,113852.95,20430.0,True
261,W_010262,176.019663,2.075,114404.719,20430.0,True
262,W_010263,177.318701,2.075,114916.488,20430.0,True
263,W_010264,178.61774,2.075,115428.258,20430.0,True
264,W_010265,179.916778,2.075,115940.027,20430.0,True
265,W_010266,181.215816,2.075,120451.796,20430.0,True
266,W_010267,182.514854,2.075,121003.565,20430.0,True
267,W_010268,183.813892,2.075,121515.334,20430.0,True
268,W_010269,185.11293,2.075,122027.103,20430.0,True
269,W_010270,186.411968,2.075,122538.872,20430.0,True
270,W_010271,187.711006,2.075,123050.641,20430.0,True
271,W_010272,189.010044,2.075,123602.411,20430.0,True
272,W_010273,190.309082,2.075,124114.18,20430.0,True
273,W_010274,191.608121,2.075,124625.949,20430.0,True
274,W_010275,192.907159,2.075,125137.718,20430.0,True
275,W_010276,194.206197,2.075,125649.487,20430.0,True
276,W_010277,195.505235,2.075,130201.256,20430.0,True
277,W_010278,196.804273,2.075,130713.026,20430.0,True
278,W_010279,198.103311,2.075,131224.795,20430.0,True
279,W_010280,199.402349,2.075,131736.564,20430.0,True
280,W_010281,200.701387,2.075,132248.333,20430.0,True
281,W_010282,202.000425,2.075,132800.102,20430.0,True
282,W_010283,203.299464,2.075,133311.871,20430.0,True
283,W_010284,204.598502,2.075,133823.64,20430.0,True
284,W_010285,205.89754,2.075,134335.41,20430.0,True
285,W_010286,207.196578,2.075,134847.179,20430.0,True
286,W_010287,208.495616,2.075,135358.948,20430.0,True
287,W_010288,209.794654,2.075,135910.717,20430.0,True
288,W_010289,211.093692,2.075,140422.486,20430.0,True
289,W_010290,212.39273,2.075,140934.255,20430.0,True
290,W_010291,213.691768,2.075,141446.024,20430.0,True
291,W_010292,214.990806,2.075,141957.793,20430.0,True
292,W_010293,216.289845,2.075,142509.563,20430.0,True
293,W_010294,217.588883,2.075,143021.332,20430.0,True
294,W_010295,218.887921,2.075,143533.101,20430.0,True
295,W_010296,220.186959,2.075,144044.87,20430.0,True
296,W_010297,221.485997,2.075,144556.639,20430.0,True
297,W_010298,222.785035,2.075,145108.408,20430.0,True
298,W_010299,224.084073,2.075,145620.178,20430.0,True
299,W_010300,225.383111,2.075,150131.947,20430.0,True
300,W_010301,128.604,3.2,83424.96,31200.0,True
301,W_010302,129.904,3.2,83936.96,31200.0,True
302,W_010303,131.203,3.2,84448.72,31200.0,True
303,W_010304,132.502,3.2,85000.48,31200.0,True
304,W_010305,133.801,3.2,85512.24,31200.0,True
305,W_010306,135.1,3.2,90024.0,31200.0,True
306,W_010307,136.399,3.2,90535.76,31200.0,True
307,W_010308,137.698,3.2,91047.52,31200.0,True
308,W_010309,138.997,3.2,91559.28,31200.0,True
309,W_010310,140.296,3.2,92111.04,31200.0,True
310,W_010311,141.595,3.2,92622.8,31200.0,True
311,W_010312,142.894192,3.2,93134.606,31200.0,True
312,W_010313,144.19323,3.2,93646.375,31200.0,True
313,W_010314,145.492268,3.2,94158.144,31200.0,True
314,W_010315,146.791306,3.2,94709.913,31200.0,True
315,W_010316,148.090344,3.2,95221.683,31200.0,True
316,W_010317,149.389382,3.2,95733.452,31200.0,True
317,W_010318,150.68842,3.2,100245.221,31200.0,True
318,W_010319,151.987458,3.2,100756.99,31200.0,True
319,W_010320,153.286496,3.2,101308.759,31200.0,True
320,W_010321,154.585535,3.2,101820.528,31200.0,True
321,W_010322,155.884573,3.2,102332.298,31200.0,True
322,W_010323,157.183611,3.2,102844.067,31200.0,True
323,W_010324,158.482649,3.2,103355.836,31200.0,True
324,W_010325,159.781687,3.2,103907.605,31200.0,True
325,W_010326,161.080725,3.2,104419.374,31200.0,True
326,W_010327,162.379763,3.2,104931.143,31200.0,True
327,W_010328,163.678801,3.2,105442.912,31200.0,True
328,W_010329,164.977839,3.2,105954.681,31200.0,True
329,W_010330,166.276878,3.2,110506.451,31200.0,True
330,W_010331,167.575916,3.2,111018.22,31200.0,True
331,W_010332,168.874954,3.2,111529.989,31200.0,True
332,W_010333,170.173992,3.2,112041.758,31200.0,True
333,W_010334,171.47303,3.2,112553.527,31200.0,True
334,W_010335,172.772068,3.2,113105.296,31200.0,True
335,W_010336,174.071106,3.2,113617.065,31200.0,True
336,W_010337,175.370144,3.2,114128.835,31200.0,True
337,W_010338,176.669182,3.2,114640.604,31200.0,True
338,W_010339,177.96822,3.2,115152.373,31200.0,True
339,W_010340,179.267259,3.2,115704.142,31200.0,True
340,W_010341,180.566297,3.2,120215.911,31200.0,True
341,W_010342,181.865335,3.2,120727.68,31200.0,True
342,W_010343,183.164373,3.2,121239.45,31200.0,True
343,W_010344,184.463411,3.2,121751.219,31200.0,True
344,W_010345,185.762449,3.2,122302.988,31200.0,True
345,W_010346,187.061487,3.2,122814.757,31200.0,True
346,W_010347,188.360525,3.2,123326.526,31200.0,True
347,W_010348,189.659563,3.2,123838.295,31200.0,True
348,W_010349,190.958602,3.2,124350.064,31200.0,True
349,W_010350,192.25764,3.2,124901.834,31200.0,True
350,W_010351,193.556678,3.2,125413.603,31200.0,True
351,W_010352,194.855716,3.2,125925.372,31200.0,True
352,W_010353,196.154754,3.2,130437.141,31200.0,True
353,W_010354,197.453792,3.2,130948.91,31200.0,True
354,W_010355,198.75283,3.2,131500.679,31200.0,True
355,W_010356,200.051868,3.2,132012.448,31200.0,True
356,W_010357,201.350906,3.2,132524.217,31200.0,True
357,W_010358,202.649944,3.2,133035.987,31200.0,True
358,W_010359,203.948983,3.2,133547.756,31200.0,True
359,W_010360,205.248021,3.2,134059.525,31200.0,True
360,W_010361,206.547059,3.2,134611.294,31200.0,True
361,W_010362,207.846097,3.2,135123.063,31200.0,True
362,W_010363,209.145135,3.2,135634.832,31200.0,True
363,W_010364,210.444173,3.2,140146.602,31200.0,True
364,W_010365,211.743211,3.2,140658.371,31200.0,True
365,W_010366,213.042249,3.2,141210.14,31200.0,True
366,W_010367,214.341287,3.2,141721.909,31200.0,True
367,W_010368,215.640326,3.2,142233.678,31200.0,True
368,W_010369,216.939364,3.2,142745.447,31200.0,True
369,W_010370,218.238402,3.2,143257.216,31200.0,True
370,W_010371,219.53744,3.2,143808.986,31200.0,True
371,W_010372,220.836478,3.2,144320.755,31200.0,True
372,W_010373,222.135516,3.2,144832.524,31200.0,True
373,W_010374,223.434554,3.2,145344.293,31200.0,True
374,W_010375,224.733592,3.2,145856.062,31200.0,True
375,W_010376,129.254,4.325,83700.96,41930.0,True
376,W_010377,130.553,4.325,84212.72,41930.0,True
377,W_010378,131.852,4.325,84724.48,41930.0,True
378,W_010379,133.151,4.325,85236.24,41930.0,True
379,W_010380,134.45,4.325,85748.0,41930.0,True
380,W_010381,135.749,4.325,90259.76,41930.0,False
381,W_010382,137.049,4.325,90811.76,41930.0,False
382,W_010383,138.348,4.325,91323.52,41930.0,True
383,W_010384,139.647,4.325,91835.28,41930.0,True
384,W_010385,140.946,4.325,92347.04,41930.0,True
385,W_010386,142.245,4.325,92858.8,41930.0,True
386,W_010387,143.543711,4.325,93410.491,41930.0,True
387,W_010388,144.842749,4.325,93922.26,41930.0,True
388,W_010389,146.141787,4.325,94434.029,41930.0,True
389,W_010390,147.440825,4.325,94945.798,41930.0,True
390,W_010391,148.739863,4.325,95457.567,41930.0,True
391,W_010392,150.038901,4.325,100009.336,41930.0,True
392,W_010393,151.337939,4.325,100521.105,41930.0,True
393,W_010394,152.636977,4.325,101032.874,41930.0,True
394,W_010395,153.936016,4.325,101544.644,41930.0,True
395,W_010396,155.235054,4.325,102056.413,41930.0,True
396,W_010397,156.534092,4.325,102608.182,41930.0,True
397,W_010398,157.83313,4.325,103119.951,41930.0,True
398,W_010399,159.132168,4.325,103631.72,41930.0,True
399,W_010400,160.431206,4.325,104143.489,41930.0,True
400,W_010401,161.730244,4.325,104655.259,41930.0,True
401,W_010402,163.029282,4.325,105207.028,41930.0,True
402,W_010403,164.32832,4.325,105718.797,41930.0,True
403,W_010404,165.627358,4.325,110230.566,41930.0,True
404,W_010405,166.926397,4.325,110742.335,41930.0,True
405,W_010406,168.225435,4.325,111254.104,41930.0,True
406,W_010407,169.524473,4.325,111805.874,41930.0,True
407,W_010408,170.823511,4.325,112317.643,41930.0,True
408,W_010409,172.122549,4.325,112829.412,41930.0,True
409,W_010410,173.421587,4.325,113341.181,41930.0,True
410,W_010411,174.720625,4.325,113852.95,41930.0,True
411,W_010412,176.019663,4.325,114404.719,41930.0,True
412,W_010413,177.318701,4.325,114916.488,41930.0,True
413,W_010414,178.61774,4.325,115428.258,41930.0,True
414,W_010415,179.916778,4.325,115940.027,41930.0,True
415,W_010416,181.215816,4.325,120451.796,41930.0,True
416,W_010417,182.514854,4.325,121003.565,41930.0,True
417,W_010418,183.813892,4.325,121515.334,41930.0,True
418,W_010419,185.11293,4.325,122027.103,41930.0,True
419,W_010420,186.411968,4.325,122538.872,41930.0,True
420,W_010421,187.711006,4.325,123050.641,41930.0,True
421,W_010422,189.010044,4.325,123602.411,41930.0,True
422,W_010423,190.309082,4.325,124114.18,41930.0,True
423,W_010424,191.608121,4.325,124625.949,41930.0,True
424,W_010425,192.907159,4.325,125137.718,41930.0,True
425,W_010426,194.206197,4.325,125649.487,41930.0,True
426,W_010427,195.505235,4.325,130201.256,41930.0,True
427,W_010428,196.804273,4.325,130713.026,41930.0,True
428,W_010429,198.103311,4.325,131224.795,41930.0,True
429,W_010430,199.402349,4.325,131736.564,41930.0,True
430,W_010431,200.701387,4.325,132248.333,41930.0,True
431,W_010432,202.000425,4.325,132800.102,41930.0,True
432,W_010433,203.299464,4.325,133311.871,41930.0,True
433,W_010434,204.598502,4.325,133823.64,41930.0,True
434,W_010435,205.89754,4.325,134335.41,41930.0,True
435,W_010436,207.196578,4.325,134847.179,41930.0,True
436,W_010437,208.495616,4.325,135358.948,41930.0,True
437,W_010438,209.794654,4.325,135910.717,41930.0,True
438,W_010439,211.093692,4.325,140422.486,41930.0,True
439,W_010440,212.39273,4.325,140934.255,41930.0,True
440,W_010441,213.691768,4.325,141446.024,41930.0,True
441,W_010442,214.990806,4.325,141957.793,41930.0,True
442,W_010443,216.289845,4.325,142509.563,41930.0,True
443,W_010444,217.588883,4.325,143021.332,41930.0,True
444,W_010445,218.887921,4.325,143533.101,41930.0,True
445,W_010446,220.186959,4.325,144044.87,41930.0,True
446,W_010447,221.485997,4.325,144556.639,41930.0,True
447,W_010448,222.785035,4.325,145108.408,41930.0,True
448,W_010449,224.084073,4.325,145620.178,41930.0,True
449,W_010450,225.383111,4.325,150131.947,41930.0,True
450,W_020001,29.9784,-6.025,15954.816,-60130.0,True
451,W_020002,31.2774,-6.025,20506.576,-60130.0,True
452,W_020003,32.5764,-6.025,21018.336,-60130.0,True
453,W_020004,33.8755,-6.025,21530.12,-60130.0,True
454,W_020005,35.1745,-6.025,22041.88,-60130.0,True
455,W_020006,36.4735,-6.025,22553.64,-60130.0,True
456,W_020007,37.7726,-6.025,23105.424,-60130.0,True
457,W_020008,39.0716,-6.025,23617.184,-60130.0,True
458,W_020009,29.3289,-4.9,15718.936,-45400.0,True
459,W_020010,30.6279,-4.9,20230.696,-45400.0,True
460,W_020011,31.9269,-4.9,20742.456,-45400.0,True
461,W_020012,33.226,-4.9,21254.24,-45400.0,True
462,W_020013,34.525,-4.9,21806.0,-45400.0,True
463,W_020014,35.824,-4.9,22317.76,-45400.0,True
464,W_020015,37.1231,-4.9,22829.544,-45400.0,True
465,W_020016,38.4221,-4.9,23341.304,-45400.0,True
466,W_020017,29.9784,-3.775,15954.816,-34630.0,True
467,W_020018,31.2774,-3.775,20506.576,-34630.0,True
468,W_020019,32.5764,-3.775,21018.336,-34630.0,True
469,W_020020,33.8755,-3.775,21530.12,-34630.0,True
470,W_020021,35.1745,-3.775,22041.88,-34630.0,True
471,W_020022,36.4735,-3.775,22553.64,-34630.0,True
472,W_020023,37.7726,-3.775,23105.424,-34630.0,True
473,W_020024,39.0716,-3.775,23617.184,-34630.0,True
474,W_020025,29.3289,-2.65,15718.936,-23900.0,True
475,W_020026,30.6279,-2.65,20230.696,-23900.0,True
476,W_020027,31.9269,-2.65,20742.456,-23900.0,True
477,W_020028,33.226,-2.65,21254.24,-23900.0,True
478,W_020029,34.525,-2.65,21806.0,-23900.0,True
479,W_020030,35.824,-2.65,22317.76,-23900.0,True
480,W_020031,37.1231,-2.65,22829.544,-23900.0,True
481,W_020032,38.4221,-2.65,23341.304,-23900.0,True
482,W_020033,29.9784,-1.525,15954.816,-13130.0,True
483,W_020034,31.2774,-1.525,20506.576,-13130.0,True
484,W_020035,32.5764,-1.525,21018.336,-13130.0,True
485,W_020036,33.8755,-1.525,21530.12,-13130.0,True
486,W_020037,35.1745,-1.525,22041.88,-13130.0,True
487,W_020038,36.4735,-1.525,22553.64,-13130.0,True
488,W_020039,37.7726,-1.525,23105.424,-13130.0,True
489,W_020040,39.0716,-1.525,23617.184,-13130.0,True
490,W_020041,330.8721,-0.4,220329.304,-2400.0,True
491,W_020042,332.1712,-0.4,220841.088,-2400.0,True
492,W_020043,333.4702,-0.4,221352.848,-2400.0,True
493,W_020044,334.7692,-0.4,221904.608,-2400.0,True
494,W_020045,336.0683,-0.4,222416.392,-2400.0,True
495,W_020046,337.3673,-0.4,222928.152,-2400.0,True
496,W_020047,338.6664,-0.4,223439.936,-2400.0,True
497,W_020048,339.9654,-0.4,223951.696,-2400.0,True
498,W_020049,341.2644,-0.4,224503.456,-2400.0,True
499,W_020050,342.5635,-0.4,225015.24,-2400.0,True
500,W_020051,343.8625,-0.4,225527.0,-2400.0,True
501,W_020052,345.1615,-0.4,230038.76,-2400.0,True
502,W_020053,346.4606,-0.4,230550.544,-2400.0,True
503,W_020054,347.7596,-0.4,231102.304,-2400.0,True
504,W_020055,349.0587,-0.4,231614.088,-2400.0,True
505,W_020056,350.35769,-0.4,232125.846,-2400.0,True
506,W_020057,351.65673,-0.4,232637.615,-2400.0,True
507,W_020058,352.95577,-0.4,233149.385,-2400.0,True
508,W_020059,354.25481,-0.4,233701.154,-2400.0,True
509,W_020060,355.55385,-0.4,234212.924,-2400.0,True
510,W_020061,356.85289,-0.4,234724.694,-2400.0,True
511,W_020062,358.15192,-0.4,235236.461,-2400.0,True
512,W_020063,359.450962,-0.4,235748.231,-2400.0,True
513,W_020064,0.75,-0.4,300.0,-2400.0,True
514,W_020065,2.04904,-0.4,811.77,-2400.0,True
515,W_020066,3.34808,-0.4,1323.539,-2400.0,True
516,W_020067,4.64711,-0.4,1835.306,-2400.0,True
517,W_020068,5.94615,-0.4,2347.076,-2400.0,True
518,W_020069,7.24519,-0.4,2858.846,-2400.0,True
519,W_020070,8.54423,-0.4,3410.615,-2400.0,True
520,W_020071,9.84327,-0.4,3922.385,-2400.0,True
521,W_020072,11.1423,-0.4,4434.152,-2400.0,True
522,W_020073,12.4413,-0.4,4945.912,-2400.0,True
523,W_020074,13.7404,-0.4,5457.696,-2400.0,True
524,W_020075,15.0394,-0.4,10009.456,-2400.0,True
525,W_020076,16.3385,-0.4,10521.24,-2400.0,True
526,W_020077,17.6375,-0.4,11033.0,-2400.0,True
527,W_020078,18.9365,-0.4,11544.76,-2400.0,True
528,W_020079,20.2356,-0.4,12056.544,-2400.0,True
529,W_020080,21.5346,-0.4,12608.304,-2400.0,True
530,W_020081,22.8336,-0.4,13120.064,-2400.0,True
531,W_020082,24.1327,-0.4,13631.848,-2400.0,True
532,W_020083,25.4317,-0.4,14143.608,-2400.0,True
533,W_020084,26.7308,-0.4,14655.392,-2400.0,True
534,W_020085,28.0298,-0.4,15207.152,-2400.0,True
535,W_020086,29.3288,-0.4,15718.912,-2400.0,True
536,W_020087,30.6279,-0.4,20230.696,-2400.0,True
537,W_020088,31.9269,-0.4,20742.456,-2400.0,True
538,W_020089,33.226,-0.4,21254.24,-2400.0,True
539,W_020090,34.525,-0.4,21806.0,-2400.0,True
540,W_020091,35.824,-0.4,22317.76,-2400.0,True
541,W_020092,37.1231,-0.4,22829.544,-2400.0,True
542,W_020093,38.4221,-0.4,23341.304,-2400.0,True
543,W_020094,331.5216,0.725,220605.184,4330.0,True
544,W_020095,332.8207,0.725,221116.968,4330.0,True
545,W_020096,334.1197,0.725,221628.728,4330.0,True
546,W_020097,335.4188,0.725,222140.512,4330.0,True
547,W_020098,336.7178,0.725,222652.272,4330.0,True
548,W_020099,338.0168,0.725,223204.032,4330.0,True
549,W_020100,339.3159,0.725,223715.816,4330.0,True
550,W_020101,340.6149,0.725,224227.576,4330.0,True
551,W_020102,341.9139,0.725,224739.336,4330.0,True
552,W_020103,343.213,0.725,225251.12,4330.0,True
553,W_020104,344.512,0.725,225802.88,4330.0,True
554,W_020105,345.8111,0.725,230314.664,4330.0,True
555,W_020106,347.1101,0.725,230826.424,4330.0,True
556,W_020107,348.4091,0.725,231338.184,4330.0,True
557,W_020108,349.7082,0.725,231849.968,4330.0,True
558,W_020109,351.00721,0.725,232401.73,4330.0,True
559,W_020110,352.30625,0.725,232913.5,4330.0,True
560,W_020111,353.60529,0.725,233425.27,4330.0,True
561,W_020112,354.90433,0.725,233937.039,4330.0,True
562,W_020113,356.20337,0.725,234448.809,4330.0,True
563,W_020114,357.5024,0.725,235000.576,4330.0,True
564,W_020115,358.80144,0.725,235512.346,4330.0,True
565,W_020116,0.100481,0.725,24.115,4330.0,True
566,W_020117,1.39952,0.725,535.885,4330.0,True
567,W_020118,2.69856,0.725,1047.654,4330.0,True
568,W_020119,3.9976,0.725,1559.424,4330.0,True
569,W_020120,5.29663,0.725,2111.191,4330.0,True
570,W_020121,6.59567,0.725,2622.961,4330.0,True
571,W_020122,7.89471,0.725,3134.73,4330.0,True
572,W_020123,9.19375,0.725,3646.5,4330.0,True
573,W_020124,10.4928,0.725,4158.272,4330.0,True
574,W_020125,11.7918,0.725,4710.032,4330.0,True
575,W_020126,13.0909,0.725,5221.816,4330.0,True
576,W_020127,14.3899,0.725,5733.576,4330.0,True
577,W_020128,15.6889,0.725,10245.336,4330.0,True
578,W_020129,16.988,0.725,10757.12,4330.0,True
579,W_020130,18.287,0.725,11308.88,4330.0,True
580,W_020131,19.5861,0.725,11820.664,4330.0,True
581,W_020132,20.8851,0.725,12332.424,4330.0,True
582,W_020133,22.1841,0.725,12844.184,4330.0,True
583,W_020134,23.4832,0.725,13355.968,4330.0,True
584,W_020135,24.7822,0.725,13907.728,4330.0,True
585,W_020136,26.0812,0.725,14419.488,4330.0,True
586,W_020137,27.3803,0.725,14931.272,4330.0,True
587,W_020138,28.6793,0.725,15443.032,4330.0,True
588,W_020139,29.9784,0.725,15954.816,4330.0,True
589,W_020140,31.2774,0.725,20506.576,4330.0,True
590,W_020141,32.5764,0.725,21018.336,4330.0,True
591,W_020142,33.8755,0.725,21530.12,4330.0,True
592,W_020143,35.1745,0.725,22041.88,4330.0,True
593,W_020144,36.4735,0.725,22553.64,4330.0,True
594,W_020145,37.7726,0.725,23105.424,4330.0,True
595,W_020146,39.0716,0.725,23617.184,4330.0,True
596,W_020147,330.8721,1.85,220329.304,15100.0,True
597,W_020148,332.1712,1.85,220841.088,15100.0,True
598,W_020149,333.4702,1.85,221352.848,15100.0,True
599,W_020150,334.7692,1.85,221904.608,15100.0,True
600,W_020151,336.0683,1.85,222416.392,15100.0,True
601,W_020152,337.3673,1.85,222928.152,15100.0,True
602,W_020153,338.6664,1.85,223439.936,15100.0,True
603,W_020154,339.9654,1.85,223951.696,15100.0,True
604,W_020155,341.2644,1.85,224503.456,15100.0,True
605,W_020156,342.5635,1.85,225015.24,15100.0,True
606,W_020157,343.8625,1.85,225527.0,15100.0,True
607,W_020158,345.1615,1.85,230038.76,15100.0,True
608,W_020159,346.4606,1.85,230550.544,15100.0,True
609,W_020160,347.7596,1.85,231102.304,15100.0,True
610,W_020161,349.0587,1.85,231614.088,15100.0,True
611,W_020162,350.35769,1.85,232125.846,15100.0,True
612,W_020163,351.65673,1.85,232637.615,15100.0,True
613,W_020164,352.95577,1.85,233149.385,15100.0,True
614,W_020165,354.25481,1.85,233701.154,15100.0,True
615,W_020166,355.55385,1.85,234212.924,15100.0,True
616,W_020167,356.85289,1.85,234724.694,15100.0,True
617,W_020168,358.15192,1.85,235236.461,15100.0,True
618,W_020169,359.450962,1.85,235748.231,15100.0,True
619,W_020170,0.75,1.85,300.0,15100.0,True
620,W_020171,2.04904,1.85,811.77,15100.0,True
621,W_020172,3.34808,1.85,1323.539,15100.0,True
622,W_020173,4.64711,1.85,1835.306,15100.0,True
623,W_020174,5.94615,1.85,2347.076,15100.0,True
624,W_020175,7.24519,1.85,2858.846,15100.0,True
625,W_020176,8.54423,1.85,3410.615,15100.0,True
626,W_020177,9.84327,1.85,3922.385,15100.0,True
627,W_020178,11.1423,1.85,4434.152,15100.0,True
628,W_020179,12.4413,1.85,4945.912,15100.0,True
629,W_020180,13.7404,1.85,5457.696,15100.0,True
630,W_020181,15.0394,1.85,10009.456,15100.0,True
631,W_020182,16.3385,1.85,10521.24,15100.0,True
632,W_020183,17.6375,1.85,11033.0,15100.0,True
633,W_020184,18.9365,1.85,11544.76,15100.0,True
634,W_020185,20.2356,1.85,12056.544,15100.0,True
635,W_020186,21.5346,1.85,12608.304,15100.0,True
636,W_020187,22.8336,1.85,13120.064,15100.0,True
637,W_020188,24.1327,1.85,13631.848,15100.0,True
638,W_020189,25.4317,1.85,14143.608,15100.0,True
639,W_020190,26.7308,1.85,14655.392,15100.0,True
640,W_020191,28.0298,1.85,15207.152,15100.0,True
641,W_020192,29.3288,1.85,15718.912,15100.0,True
642,W_020193,30.6279,1.85,20230.696,15100.0,True
643,W_020194,31.9269,1.85,20742.456,15100.0,True
644,W_020195,33.226,1.85,21254.24,15100.0,True
645,W_020196,34.525,1.85,21806.0,15100.0,True
646,W_020197,35.824,1.85,22317.76,15100.0,True
647,W_020198,37.1231,1.85,22829.544,15100.0,True
648,W_020199,38.4221,1.85,23341.304,15100.0,True
649,W_020200,331.5216,2.975,220605.184,25830.0,True
650,W_020201,332.8207,2.975,221116.968,25830.0,True
651,W_020202,334.1197,2.975,221628.728,25830.0,True
652,W_020203,335.4188,2.975,222140.512,25830.0,True
653,W_020204,336.7178,2.975,222652.272,25830.0,True
654,W_020205,338.0168,2.975,223204.032,25830.0,True
655,W_020206,339.3159,2.975,223715.816,25830.0,True
656,W_020207,340.6149,2.975,224227.576,25830.0,True
657,W_020208,341.9139,2.975,224739.336,25830.0,True
658,W_020209,343.213,2.975,225251.12,25830.0,True
659,W_020210,344.512,2.975,225802.88,25830.0,True
660,W_020211,345.8111,2.975,230314.664,25830.0,True
661,W_020212,347.1101,2.975,230826.424,25830.0,True
662,W_020213,348.4091,2.975,231338.184,25830.0,True
663,W_020214,349.7082,2.975,231849.968,25830.0,True
664,W_020215,351.00721,2.975,232401.73,25830.0,True
665,W_020216,352.30625,2.975,232913.5,25830.0,True
666,W_020217,353.60529,2.975,233425.27,25830.0,True
667,W_020218,354.90433,2.975,233937.039,25830.0,True
668,W_020219,356.20337,2.975,234448.809,25830.0,True
669,W_020220,357.5024,2.975,235000.576,25830.0,True
670,W_020221,358.80144,2.975,235512.346,25830.0,True
671,W_020222,0.100481,2.975,24.115,25830.0,True
672,W_020223,1.39952,2.975,535.885,25830.0,True
673,W_020224,2.69856,2.975,1047.654,25830.0,True
674,W_020225,3.9976,2.975,1559.424,25830.0,True
675,W_020226,5.29663,2.975,2111.191,25830.0,True
676,W_020227,6.59567,2.975,2622.961,25830.0,True
677,W_020228,7.89471,2.975,3134.73,25830.0,True
678,W_020229,9.19375,2.975,3646.5,25830.0,True
679,W_020230,10.4928,2.975,4158.272,25830.0,True
680,W_020231,11.7918,2.975,4710.032,25830.0,True
681,W_020232,13.0909,2.975,5221.816,25830.0,True
682,W_020233,14.3899,2.975,5733.576,25830.0,True
683,W_020234,15.6889,2.975,10245.336,25830.0,True
684,W_020235,16.988,2.975,10757.12,25830.0,True
685,W_020236,18.287,2.975,11308.88,25830.0,True
686,W_020237,19.5861,2.975,11820.664,25830.0,True
687,W_020238,20.8851,2.975,12332.424,25830.0,True
688,W_020239,22.1841,2.975,12844.184,25830.0,True
689,W_020240,23.4832,2.975,13355.968,25830.0,True
690,W_020241,24.7822,2.975,13907.728,25830.0,True
691,W_020242,26.0812,2.975,14419.488,25830.0,True
692,W_020243,27.3803,2.975,14931.272,25830.0,True
693,W_020244,28.6793,2.975,15443.032,25830.0,True
694,W_020245,29.9784,2.975,15954.816,25830.0,True
695,W_020246,31.2774,2.975,20506.576,25830.0,True
696,W_020247,32.5764,2.975,21018.336,25830.0,True
697,W_020248,33.8755,2.975,21530.12,25830.0,True
698,W_020249,35.1745,2.975,22041.88,25830.0,True
699,W_020250,36.4735,2.975,22553.64,25830.0,True
700,W_020251,37.7726,2.975,23105.424,25830.0,True
701,W_020252,39.0716,2.975,23617.184,25830.0,True
702,W_020253,330.8721,4.1,220329.304,40600.0,True
703,W_020254,332.1712,4.1,220841.088,40600.0,True
704,W_020255,333.4702,4.1,221352.848,40600.0,True
705,W_020256,334.7692,4.1,221904.608,40600.0,True
706,W_020257,336.0683,4.1,222416.392,40600.0,True
707,W_020258,337.3673,4.1,222928.152,40600.0,True
708,W_020259,338.6664,4.1,223439.936,40600.0,True
709,W_020260,339.9654,4.1,223951.696,40600.0,True
710,W_020261,341.2644,4.1,224503.456,40600.0,True
711,W_020262,342.5635,4.1,225015.24,40600.0,True
712,W_020263,343.8625,4.1,225527.0,40600.0,True
713,W_020264,345.1615,4.1,230038.76,40600.0,True
714,W_020265,346.4606,4.1,230550.544,40600.0,True
715,W_020266,347.7596,4.1,231102.304,40600.0,True
716,W_020267,349.0587,4.1,231614.088,40600.0,True
717,W_020268,350.35769,4.1,232125.846,40600.0,True
718,W_020269,351.65673,4.1,232637.615,40600.0,True
719,W_020270,352.95577,4.1,233149.385,40600.0,True
720,W_020271,354.25481,4.1,233701.154,40600.0,True
721,W_020272,355.55385,4.1,234212.924,40600.0,True
722,W_020273,356.85289,4.1,234724.694,40600.0,True
723,W_020274,358.15192,4.1,235236.461,40600.0,True
724,W_020275,359.450962,4.1,235748.231,40600.0,True
725,W_020276,0.75,4.1,300.0,40600.0,True
726,W_020277,2.04904,4.1,811.77,40600.0,True
727,W_020278,3.34808,4.1,1323.539,40600.0,True
728,W_020279,4.64711,4.1,1835.306,40600.0,True
729,W_020280,5.94615,4.1,2347.076,40600.0,True
730,W_020281,7.24519,4.1,2858.846,40600.0,True
731,W_020282,8.54423,4.1,3410.615,40600.0,True
732,W_020283,9.84327,4.1,3922.385,40600.0,True
733,W_020284,11.1423,4.1,4434.152,40600.0,True
734,W_020285,12.4413,4.1,4945.912,40600.0,True
735,W_020286,13.7404,4.1,5457.696,40600.0,True
736,W_020287,15.0394,4.1,10009.456,40600.0,True
737,W_020288,16.3385,4.1,10521.24,40600.0,True
738,W_020289,17.6375,4.1,11033.0,40600.0,True
739,W_020290,18.9365,4.1,11544.76,40600.0,True
740,W_020291,20.2356,4.1,12056.544,40600.0,True
741,W_020292,21.5346,4.1,12608.304,40600.0,True
742,W_020293,22.8336,4.1,13120.064,40600.0,True
743,W_020294,24.1327,4.1,13631.848,40600.0,True
744,W_020295,25.4317,4.1,14143.608,40600.0,True
745,W_020296,26.7308,4.1,14655.392,40600.0,True
746,W_020297,28.0298,4.1,15207.152,40600.0,True
747,W_020298,29.3288,4.1,15718.912,40600.0,True
748,W_020299,30.6279,4.1,20230.696,40600.0,True
749,W_020300,31.9269,4.1,20742.456,40600.0,True
750,W_020301,33.226,4.1,21254.24,40600.0,True
751,W_020302,34.525,4.1,21806.0,40600.0,True
752,W_020303,35.824,4.1,22317.76,40600.0,True
753,W_020304,37.1231,4.1,22829.544,40600.0,True
754,W_020305,38.4221,4.1,23341.304,40600.0,True
755,W_020306,331.5216,5.225,220605.184,51330.0,True
756,W_020307,332.8207,5.225,221116.968,51330.0,True
757,W_020308,334.1197,5.225,221628.728,51330.0,True
758,W_020309,335.4188,5.225,222140.512,51330.0,True
759,W_020310,336.7178,5.225,222652.272,51330.0,True
760,W_020311,338.0168,5.225,223204.032,51330.0,True
761,W_020312,339.3159,5.225,223715.816,51330.0,True
762,W_020313,340.6149,5.225,224227.576,51330.0,True
763,W_020314,341.9139,5.225,224739.336,51330.0,True
764,W_020315,343.213,5.225,225251.12,51330.0,True
765,W_020316,344.512,5.225,225802.88,51330.0,True
766,W_020317,345.8111,5.225,230314.664,51330.0,True
767,W_020318,347.1101,5.225,230826.424,51330.0,True
768,W_020319,348.4091,5.225,231338.184,51330.0,True
769,W_020320,349.7082,5.225,231849.968,51330.0,True
770,W_020321,351.00721,5.225,232401.73,51330.0,True
771,W_020322,352.30625,5.225,232913.5,51330.0,True
772,W_020323,353.60529,5.225,233425.27,51330.0,True
773,W_020324,354.90433,5.225,233937.039,51330.0,True
774,W_020325,356.20337,5.225,234448.809,51330.0,True
775,W_020326,357.5024,5.225,235000.576,51330.0,True
776,W_020327,358.80144,5.225,235512.346,51330.0,True
777,W_020328,0.100481,5.225,24.115,51330.0,True
778,W_020329,1.39952,5.225,535.885,51330.0,True
779,W_020330,2.69856,5.225,1047.654,51330.0,True
780,W_020331,3.9976,5.225,1559.424,51330.0,True
781,W_020332,5.29663,5.225,2111.191,51330.0,True
782,W_020333,6.59567,5.225,2622.961,51330.0,True
783,W_020334,7.89471,5.225,3134.73,51330.0,False
784,W_020335,9.19375,5.225,3646.5,51330.0,False
785,W_020336,10.4928,5.225,4158.272,51330.0,True
786,W_020337,11.7918,5.225,4710.032,51330.0,True
787,W_020338,13.0909,5.225,5221.816,51330.0,True
788,W_020339,14.3899,5.225,5733.576,51330.0,True
789,W_020340,15.6889,5.225,10245.336,51330.0,True
790,W_020341,16.988,5.225,10757.12,51330.0,True
791,W_020342,18.287,5.225,11308.88,51330.0,True
792,W_020343,19.5861,5.225,11820.664,51330.0,True
793,W_020344,20.8851,5.225,12332.424,51330.0,True
794,W_020345,22.1841,5.225,12844.184,51330.0,True
795,W_020346,23.4832,5.225,13355.968,51330.0,False
796,W_020347,24.7822,5.225,13907.728,51330.0,False
797,W_020348,26.0812,5.225,14419.488,51330.0,False
798,W_020349,27.3803,5.225,14931.272,51330.0,False
799,W_020350,28.6793,5.225,15443.032,51330.0,False
800,W_020351,29.9784,5.225,15954.816,51330.0,False
801,W_020352,31.2774,5.225,20506.576,51330.0,False
802,W_020353,32.5764,5.225,21018.336,51330.0,False
803,W_020354,33.8755,5.225,21530.12,51330.0,False
804,W_020355,35.1745,5.225,22041.88,51330.0,False
805,W_020356,36.4735,5.225,22553.64,51330.0,False
806,W_020357,37.7726,5.225,23105.424,51330.0,False
807,W_020358,39.0716,5.225,23617.184,51330.0,False
808,W_020359,330.8721,6.35,220329.304,62100.0,True
809,W_020360,332.1712,6.35,220841.088,62100.0,True
810,W_020361,333.4702,6.35,221352.848,62100.0,True
811,W_020362,334.7692,6.35,221904.608,62100.0,True
812,W_020363,336.0683,6.35,222416.392,62100.0,True
813,W_020364,337.3673,6.35,222928.152,62100.0,True
814,W_020365,338.6664,6.35,223439.936,62100.0,True
815,W_020366,339.9654,6.35,223951.696,62100.0,True
816,W_020367,341.2644,6.35,224503.456,62100.0,False
817,W_020368,342.5635,6.35,225015.24,62100.0,False
818,W_020369,343.8625,6.35,225527.0,62100.0,False
819,W_020370,345.1615,6.35,230038.76,62100.0,False
820,W_020371,346.4606,6.35,230550.544,62100.0,False
821,W_020372,347.7596,6.35,231102.304,62100.0,False
822,W_020373,349.0587,6.35,231614.088,62100.0,False
823,W_020374,350.35769,6.35,232125.846,62100.0,False
824,W_020375,351.65673,6.35,232637.615,62100.0,False
825,W_020376,352.95577,6.35,233149.385,62100.0,False
826,W_020377,354.25481,6.35,233701.154,62100.0,False
827,W_020378,355.55385,6.35,234212.924,62100.0,False
828,W_020379,356.85289,6.35,234724.694,62100.0,False
829,W_020380,358.15192,6.35,235236.461,62100.0,False
830,W_020381,359.450962,6.35,235748.231,62100.0,False
831,W_020382,0.75,6.35,300.0,62100.0,False
832,W_020383,2.04904,6.35,811.77,62100.0,False
833,W_020384,3.34808,6.35,1323.539,62100.0,False
834,W_020385,4.64711,6.35,1835.306,62100.0,False
835,W_020386,5.94615,6.35,2347.076,62100.0,False
836,W_020387,7.24519,6.35,2858.846,62100.0,False
837,W_020388,8.54423,6.35,3410.615,62100.0,False
838,W_020389,9.84327,6.35,3922.385,62100.0,False
839,W_020390,11.1423,6.35,4434.152,62100.0,False
840,W_020391,12.4413,6.35,4945.912,62100.0,False
841,W_020392,13.7404,6.35,5457.696,62100.0,False
842,W_020393,15.0394,6.35,10009.456,62100.0,False
843,W_020394,16.3385,6.35,10521.24,62100.0,False
844,W_020395,17.6375,6.35,11033.0,62100.0,False
845,W_020396,18.9365,6.35,11544.76,62100.0,False
846,W_020397,20.2356,6.35,12056.544,62100.0,False
847,W_020398,21.5346,6.35,12608.304,62100.0,False
848,W_020399,22.8336,6.35,13120.064,62100.0,False
849,W_020400,24.1327,6.35,13631.848,62100.0,False
850,W_020401,25.4317,6.35,14143.608,62100.0,False
851,W_020402,26.7308,6.35,14655.392,62100.0,False
852,W_020403,28.0298,6.35,15207.152,62100.0,False
853,W_020404,29.3288,6.35,15718.912,62100.0,False
854,W_020405,30.6279,6.35,20230.696,62100.0,False
855,W_020406,31.9269,6.35,20742.456,62100.0,False
856,W_020407,33.226,6.35,21254.24,62100.0,False
857,W_020408,34.525,6.35,21806.0,62100.0,False
858,W_020409,35.824,6.35,22317.76,62100.0,False
859,W_020410,37.1231,6.35,22829.544,62100.0,False
860,W_020411,38.4221,6.35,23341.304,62100.0,False
861,W_030001,200.0,42.775,132000.0,424630.0,True
862,W_030002,201.7697758,42.775,132704.746,424630.0,True
863,W_030003,203.5395517,42.775,133409.492,424630.0,True
864,W_030004,205.3093275,42.775,134114.239,424630.0,True
865,W_030005,207.0791033,42.775,134818.985,424630.0,True
866,W_030006,208.8488791,42.775,135523.731,424630.0,True
867,W_030007,210.618655,42.775,140228.477,424630.0,True
868,W_030008,212.3884308,42.775,140933.223,424630.0,True
869,W_030009,214.1582066,42.775,141637.97,424630.0,True
870,W_030010,215.9279824,42.775,142342.716,424630.0,True
871,W_030011,217.6977583,42.775,143047.462,424630.0,True
872,W_030012,219.4675341,42.775,143752.208,424630.0,True
873,W_030013,221.2373099,42.775,144456.954,424630.0,True
874,W_030014,223.0070857,42.775,145201.701,424630.0,True
875,W_030015,224.7768616,42.775,145906.447,424630.0,True
876,W_030016,226.5466374,42.775,150611.193,424630.0,True
877,W_030017,228.3164132,42.775,151315.939,424630.0,True
878,W_030018,230.086189,42.775,152020.685,424630.0,True
879,W_030019,231.8559649,42.775,152725.432,424630.0,True
880,W_030020,233.6257407,42.775,153430.178,424630.0,True
881,W_030021,235.3955165,42.775,154134.924,424630.0,True
882,W_030022,237.1652923,42.775,154839.67,424630.0,True
883,W_030023,238.9350682,42.775,155544.416,424630.0,True
884,W_030024,240.704844,42.775,160249.163,424630.0,True
885,W_030025,242.4746198,42.775,160953.909,424630.0,True
886,W_030026,244.2443956,42.775,161658.655,424630.0,True
887,W_030027,246.0141715,42.775,162403.401,424630.0,True
888,W_030028,247.7839473,42.775,163108.147,424630.0,True
889,W_030029,249.5537231,42.775,163812.894,424630.0,True
890,W_030030,200.8848879,43.9,132332.373,435400.0,True
891,W_030031,202.6546637,43.9,133037.119,435400.0,True
892,W_030032,204.4244396,43.9,133741.865,435400.0,True
893,W_030033,206.1942154,43.9,134446.612,435400.0,True
894,W_030034,207.9639912,43.9,135151.358,435400.0,True
895,W_030035,209.733767,43.9,135856.104,435400.0,True
896,W_030036,211.5035429,43.9,140600.85,435400.0,True
897,W_030037,213.2733187,43.9,141305.596,435400.0,True
898,W_030038,215.0430945,43.9,142010.343,435400.0,True
899,W_030039,216.8128703,43.9,142715.089,435400.0,True
900,W_030040,218.5826462,43.9,143419.835,435400.0,True
901,W_030041,220.352422,43.9,144124.581,435400.0,True
902,W_030042,222.1221978,43.9,144829.327,435400.0,True
903,W_030043,223.8919736,43.9,145534.074,435400.0,True
904,W_030044,225.6617495,43.9,150238.82,435400.0,True
905,W_030045,227.4315253,43.9,150943.566,435400.0,True
906,W_030046,229.2013011,43.9,151648.312,435400.0,True
907,W_030047,230.9710769,43.9,152353.058,435400.0,True
908,W_030048,232.7408528,43.9,153057.805,435400.0,True
909,W_030049,234.5106286,43.9,153802.551,435400.0,True
910,W_030050,236.2804044,43.9,154507.297,435400.0,True
911,W_030051,238.0501803,43.9,155212.043,435400.0,True
912,W_030052,239.8199561,43.9,155916.789,435400.0,True
913,W_030053,241.5897319,43.9,160621.536,435400.0,True
914,W_030054,243.3595077,43.9,161326.282,435400.0,True
915,W_030055,245.1292836,43.9,162031.028,435400.0,True
916,W_030056,246.8990594,43.9,162735.774,435400.0,True
917,W_030057,248.6688352,43.9,163440.52,435400.0,True
918,D_010001,150.93,3.0185556,100343.2,30106.8,True
919,D_010002,149.67125,2.6655,95841.1,23955.8,True
920,D_010003,150.5708333,1.7601944,100217.0,14536.7,True
921,D_010004,149.3008333,1.4095,95712.2,12434.2,True
922,D_020001,35.813875,-5.3085194,22315.33,-51830.67,True
923,D_020002,35.5934583,-4.0623556,22222.43,-40344.48,True
924,D_020003,36.83275,-4.4631722,22719.86,-42747.42,True
925,D_030001,353.03525,0.2803972,233208.46,1649.43,True
926,D_030002,351.759,0.2803917,232702.16,1649.41,True
927,D_030003,352.3605417,-0.84415,232926.53,-5038.94,True
928,D_030004,351.0525,-0.8296139,232412.6,-4946.61,True
929,D_040001,242.753375,53.9418639,161100.81,535630.71,False
930,D_040002,243.9444167,54.9882611,161546.66,545917.74,False
931,D_040003,242.7252917,56.047125,161054.07,560249.65,False
932,D_040004,241.5674583,54.9880306,160616.19,545916.91,False
933,U_010001,150.1191667,2.2058333,100028.6,21221.0,True
934,U_020001,34.565,-4.85,21815.6,-45100.0,True
